---
source: crates/compiler/src/ir/mod.rs
expression: "format!(\"{}\", ir_progam)"
---
IR:
fn 33:
block_17
0: 18_val = fnarg
1: 19_len = fnarg
2: 20_anonymous := Int(1)
3: 21_17: std_out = 20_anonymous
4: move(20_anonymous)
5: 22_anonymous := Int(1)
6: 23_18: character_size = 22_anonymous
7: move(22_anonymous)
8: move(21_std_out)
9: 24_anonymous := "w"
10: move(24_anonymous)
11: receiver_Ssaid(25) = @4( 21_std_out, 24_anonymous,)
12: 26_stdoutptr = 25_fdopen_result
13: move(25_fdopen_result)
14: move(18_val)
15: move(19_len)
16: move(23_character_size)
17: move(26_stdoutptr)
18: receiver_Ssaid(27) = @6( 18_val, 19_len, 23_character_size, 26_stdoutptr,)
19: 28_res = 27_fwrite_result
20: move(27_fwrite_result)
21: move(21_std_out)
22: 29_anonymous := "w"
23: move(29_anonymous)
24: receiver_Ssaid(30) = @4( 21_std_out, 29_anonymous,)
25: 31_stdoutptrb = 30_fdopen_result
26: move(30_fdopen_result)
27: move(31_stdoutptrb)
28: receiver_Ssaid(32) = @8( 31_stdoutptrb,)
29: 33_resb = 32_fflush_result
30: move(32_fflush_result)
31: return

fn 55:
block_34
0: 35_anonymous := "test"
1: 36_val = 35_anonymous
2: move(35_anonymous)
3: 37_anonymous := Int(0)
4: 38_i = 37_anonymous
5: move(37_anonymous)
6: While block_BlockId(39)  { block_BlockId(42) }

block_39
0: 40_anonymous := Int(10)
1: 41_@bin_op_result = 38_i < 40_anonymous
2: move(38_i)
3: move(40_anonymous)

block_42
0: 43_anonymous := "test2"
1: 44_val = 43_anonymous
2: move(43_anonymous)
3: 45_anonymous := Int(1)
4: 46_@bin_op_result = 38_i + 45_anonymous
5: move(38_i)
6: move(45_anonymous)
7: 38_i = 46_@bin_op_result
8: move(46_@bin_op_result)
9: move(44_val)
10: 47_anon = Project<38_i>
11: move(47_anon)
12: @58( 44_val, 47_anon,)

block_48
0: return

fn 58:
block_49
0: 50_input = fnarg
1: 51_j = fnarg
2: 51_j = Project<51_j>
3: return
