---
source: crates/compiler/src/backend/mlir/codegen.rs
expression: "format!(\"{}\", mlir_output)"
---
module {
  llvm.func @free(!llvm.ptr) attributes {llvm.emit_c_interface, sym_visibility = "private"}
  llvm.func @malloc(i32) -> !llvm.ptr attributes {llvm.emit_c_interface, sym_visibility = "private"}
  llvm.func @fdopen(i32, !llvm.ptr) -> !llvm.ptr attributes {llvm.emit_c_interface, sym_visibility = "private"}
  llvm.func @fclose(!llvm.ptr) -> i32 attributes {llvm.emit_c_interface, sym_visibility = "private"}
  llvm.func @fwrite(!llvm.ptr, i32, i32, !llvm.ptr) -> i32 attributes {llvm.emit_c_interface, sym_visibility = "private"}
  llvm.func @sprintf(!llvm.ptr, !llvm.ptr, i32) -> i32 attributes {llvm.emit_c_interface, sym_visibility = "private"}
  llvm.func @fflush(!llvm.ptr) -> i32 attributes {llvm.emit_c_interface, sym_visibility = "private"}
  llvm.func @sleep(i32) -> i32 attributes {llvm.emit_c_interface, sym_visibility = "private"}
  llvm.mlir.global internal @annonstr0("w") {addr_space = 0 : i32}
  llvm.mlir.global internal @annonstr1("w") {addr_space = 0 : i32}
  llvm.func @print(%arg0: !llvm.ptr, %arg1: i32) {
    %0 = llvm.mlir.constant(1 : i64) : i64
    %1 = llvm.alloca %0 x !llvm.ptr : (i64) -> !llvm.ptr
    %2 = llvm.mlir.constant(1 : i64) : i64
    %3 = llvm.alloca %2 x i32 : (i64) -> !llvm.ptr
    %4 = llvm.mlir.constant(1 : i64) : i64
    %5 = llvm.alloca %4 x i32 : (i64) -> !llvm.ptr
    %6 = llvm.mlir.constant(1 : i32) : i32
    llvm.store %6, %5 : i32, !llvm.ptr
    %7 = llvm.mlir.constant(1 : i64) : i64
    %8 = llvm.alloca %7 x !llvm.ptr : (i64) -> !llvm.ptr
    %9 = llvm.mlir.addressof @annonstr0 : !llvm.ptr
    llvm.store %9, %8 : !llvm.ptr, !llvm.ptr
    %10 = llvm.mlir.constant(1 : i64) : i64
    %11 = llvm.alloca %10 x !llvm.ptr : (i64) -> !llvm.ptr
    %12 = llvm.mlir.constant(1 : i64) : i64
    %13 = llvm.alloca %12 x !llvm.ptr : (i64) -> !llvm.ptr
    %14 = llvm.mlir.constant(1 : i64) : i64
    %15 = llvm.alloca %14 x i32 : (i64) -> !llvm.ptr
    %16 = llvm.mlir.constant(1 : i32) : i32
    llvm.store %16, %15 : i32, !llvm.ptr
    %17 = llvm.mlir.constant(1 : i64) : i64
    %18 = llvm.alloca %17 x i32 : (i64) -> !llvm.ptr
    %19 = llvm.mlir.constant(1 : i64) : i64
    %20 = llvm.alloca %19 x i32 : (i64) -> !llvm.ptr
    %21 = llvm.mlir.constant(1 : i64) : i64
    %22 = llvm.alloca %21 x i32 : (i64) -> !llvm.ptr
    %23 = llvm.mlir.constant(1 : i32) : i32
    llvm.store %23, %22 : i32, !llvm.ptr
    %24 = llvm.mlir.constant(1 : i64) : i64
    %25 = llvm.alloca %24 x !llvm.ptr : (i64) -> !llvm.ptr
    %26 = llvm.mlir.addressof @annonstr1 : !llvm.ptr
    llvm.store %26, %25 : !llvm.ptr, !llvm.ptr
    %27 = llvm.mlir.constant(1 : i64) : i64
    %28 = llvm.alloca %27 x !llvm.ptr : (i64) -> !llvm.ptr
    %29 = llvm.mlir.constant(1 : i64) : i64
    %30 = llvm.alloca %29 x !llvm.ptr : (i64) -> !llvm.ptr
    %31 = llvm.mlir.constant(1 : i64) : i64
    %32 = llvm.alloca %31 x i32 : (i64) -> !llvm.ptr
    %33 = llvm.mlir.constant(1 : i64) : i64
    %34 = llvm.alloca %33 x i32 : (i64) -> !llvm.ptr
    llvm.store %arg0, %1 : !llvm.ptr, !llvm.ptr
    llvm.store %arg1, %3 : i32, !llvm.ptr
    %35 = llvm.load %5 : !llvm.ptr -> i32
    %36 = llvm.load %8 : !llvm.ptr -> !llvm.ptr
    %37 = llvm.call @fdopen(%35, %36) : (i32, !llvm.ptr) -> !llvm.ptr
    llvm.store %37, %11 : !llvm.ptr, !llvm.ptr
    %38 = llvm.load %11 : !llvm.ptr -> !llvm.ptr
    llvm.store %38, %13 : !llvm.ptr, !llvm.ptr
    %39 = llvm.load %1 : !llvm.ptr -> !llvm.ptr
    %40 = llvm.load %3 : !llvm.ptr -> i32
    %41 = llvm.load %15 : !llvm.ptr -> i32
    %42 = llvm.load %13 : !llvm.ptr -> !llvm.ptr
    %43 = llvm.call @fwrite(%39, %40, %41, %42) : (!llvm.ptr, i32, i32, !llvm.ptr) -> i32
    llvm.store %43, %18 : i32, !llvm.ptr
    %44 = llvm.load %18 : !llvm.ptr -> i32
    llvm.store %44, %20 : i32, !llvm.ptr
    %45 = llvm.load %22 : !llvm.ptr -> i32
    %46 = llvm.load %25 : !llvm.ptr -> !llvm.ptr
    %47 = llvm.call @fdopen(%45, %46) : (i32, !llvm.ptr) -> !llvm.ptr
    llvm.store %47, %28 : !llvm.ptr, !llvm.ptr
    %48 = llvm.load %28 : !llvm.ptr -> !llvm.ptr
    llvm.store %48, %30 : !llvm.ptr, !llvm.ptr
    %49 = llvm.load %30 : !llvm.ptr -> !llvm.ptr
    %50 = llvm.call @fflush(%49) : (!llvm.ptr) -> i32
    llvm.store %50, %32 : i32, !llvm.ptr
    %51 = llvm.load %32 : !llvm.ptr -> i32
    llvm.store %51, %34 : i32, !llvm.ptr
    llvm.return
  }
  llvm.mlir.global internal @annonstr2("test") {addr_space = 0 : i32}
  llvm.func @main() attributes {llvm.emit_c_interface} {
    %0 = llvm.mlir.constant(1 : i64) : i64
    %1 = llvm.alloca %0 x !llvm.ptr : (i64) -> !llvm.ptr
    %2 = llvm.mlir.addressof @annonstr2 : !llvm.ptr
    llvm.store %2, %1 : !llvm.ptr, !llvm.ptr
    %3 = llvm.mlir.constant(1 : i64) : i64
    %4 = llvm.alloca %3 x !llvm.ptr : (i64) -> !llvm.ptr
    %5 = llvm.mlir.constant(1 : i64) : i64
    %6 = llvm.alloca %5 x i32 : (i64) -> !llvm.ptr
    %7 = llvm.mlir.constant(0 : i32) : i32
    llvm.store %7, %6 : i32, !llvm.ptr
    %8 = llvm.mlir.constant(1 : i64) : i64
    %9 = llvm.alloca %8 x i32 : (i64) -> !llvm.ptr
    %10 = llvm.mlir.constant(1 : i64) : i64
    %11 = llvm.alloca %10 x i32 : (i64) -> !llvm.ptr
    %12 = llvm.mlir.constant(2 : i32) : i32
    llvm.store %12, %11 : i32, !llvm.ptr
    %13 = llvm.mlir.constant(1 : i64) : i64
    %14 = llvm.alloca %13 x i1 : (i64) -> !llvm.ptr
    %15 = llvm.mlir.constant(1 : i64) : i64
    %16 = llvm.alloca %15 x !llvm.ptr : (i64) -> !llvm.ptr
    %17 = llvm.mlir.constant(1 : i64) : i64
    %18 = llvm.alloca %17 x !llvm.ptr : (i64) -> !llvm.ptr
    llvm.store %18, %16 : !llvm.ptr, !llvm.ptr
    %19 = llvm.mlir.constant(1 : i64) : i64
    %20 = llvm.alloca %19 x i32 : (i64) -> !llvm.ptr
    %21 = llvm.mlir.constant(1 : i32) : i32
    llvm.store %21, %20 : i32, !llvm.ptr
    %22 = llvm.mlir.constant(1 : i64) : i64
    %23 = llvm.alloca %22 x i32 : (i64) -> !llvm.ptr
    %24 = llvm.load %1 : !llvm.ptr -> !llvm.ptr
    llvm.store %24, %4 : !llvm.ptr, !llvm.ptr
    %25 = llvm.load %6 : !llvm.ptr -> i32
    llvm.store %25, %9 : i32, !llvm.ptr
    llvm.br ^bb1
  ^bb1:  // 2 preds: ^bb0, ^bb2
    %26 = llvm.load %9 : !llvm.ptr -> i32
    %27 = llvm.load %11 : !llvm.ptr -> i32
    %28 = llvm.icmp "slt" %26, %27 : i32
    llvm.store %28, %14 : i1, !llvm.ptr
    %29 = llvm.load %14 : !llvm.ptr -> i1
    llvm.cond_br %29, ^bb2, ^bb3
  ^bb2:  // pred: ^bb1
    llvm.store %4, %16 : !llvm.ptr, !llvm.ptr
    %30 = llvm.load %16 : !llvm.ptr -> !llvm.ptr
    llvm.call @borrow_val(%30) : (!llvm.ptr) -> ()
    %31 = llvm.load %9 : !llvm.ptr -> i32
    %32 = llvm.load %20 : !llvm.ptr -> i32
    %33 = llvm.add %31, %32 : i32
    llvm.store %33, %23 : i32, !llvm.ptr
    %34 = llvm.load %23 : !llvm.ptr -> i32
    llvm.store %34, %9 : i32, !llvm.ptr
    llvm.br ^bb1
  ^bb3:  // pred: ^bb1
    %35 = llvm.load %4 : !llvm.ptr -> !llvm.ptr
    llvm.call @move_val(%35) : (!llvm.ptr) -> ()
    llvm.return
  }
  llvm.func @_mlir_ciface_main() attributes {llvm.emit_c_interface} {
    llvm.call @main() : () -> ()
    llvm.return
  }
  llvm.func @move_val(%arg0: !llvm.ptr) {
    %0 = llvm.mlir.constant(1 : i64) : i64
    %1 = llvm.alloca %0 x !llvm.ptr : (i64) -> !llvm.ptr
    llvm.store %arg0, %1 : !llvm.ptr, !llvm.ptr
    llvm.return
  }
  llvm.func @borrow_val(%arg0: !llvm.ptr) {
    %0 = llvm.mlir.constant(1 : i64) : i64
    %1 = llvm.alloca %0 x !llvm.ptr : (i64) -> !llvm.ptr
    %2 = llvm.mlir.constant(1 : i64) : i64
    %3 = llvm.alloca %2 x !llvm.ptr : (i64) -> !llvm.ptr
    llvm.store %3, %1 : !llvm.ptr, !llvm.ptr
    llvm.store %arg0, %1 : !llvm.ptr, !llvm.ptr
    llvm.return
  }
}
