---
source: crates/compiler/src/backend/mlir/codegen.rs
expression: "format!(\"{}\", mlir_output)"
---
module {
  llvm.func @fdopen(i32, !llvm.ptr) -> !llvm.ptr attributes {llvm.emit_c_interface, sym_visibility = "private"}
  llvm.func @fclose(!llvm.ptr) attributes {llvm.emit_c_interface, sym_visibility = "private"}
  llvm.func @fwrite(!llvm.ptr, i32, i32, !llvm.ptr) -> i32 attributes {llvm.emit_c_interface, sym_visibility = "private"}
  llvm.func @sprintf(!llvm.ptr, !llvm.ptr, i32) -> i32 attributes {llvm.emit_c_interface, sym_visibility = "private"}
  llvm.func @fflush(!llvm.ptr) -> i32 attributes {llvm.emit_c_interface, sym_visibility = "private"}
  llvm.func @sleep(i32) -> i32 attributes {llvm.emit_c_interface, sym_visibility = "private"}
  llvm.mlir.global internal @annonstr0("w") {addr_space = 0 : i32}
  llvm.func @print(%arg0: !llvm.ptr, %arg1: i32) {
    %0 = llvm.mlir.constant(1 : i64) : i64
    %1 = llvm.alloca %0 x !llvm.ptr : (i64) -> !llvm.ptr
    %2 = llvm.alloca %0 x i32 : (i64) -> !llvm.ptr
    %3 = llvm.alloca %0 x i32 : (i64) -> !llvm.ptr
    %4 = llvm.mlir.constant(1 : i32) : i32
    llvm.store %4, %3 : i32, !llvm.ptr
    %5 = llvm.alloca %0 x !llvm.ptr : (i64) -> !llvm.ptr
    %6 = llvm.mlir.addressof @annonstr0 : !llvm.ptr
    llvm.store %6, %5 : !llvm.ptr, !llvm.ptr
    %7 = llvm.alloca %0 x !llvm.ptr : (i64) -> !llvm.ptr
    %8 = llvm.alloca %0 x !llvm.ptr : (i64) -> !llvm.ptr
    %9 = llvm.alloca %0 x i32 : (i64) -> !llvm.ptr
    %10 = llvm.mlir.constant(1 : i32) : i32
    llvm.store %10, %9 : i32, !llvm.ptr
    %11 = llvm.alloca %0 x i32 : (i64) -> !llvm.ptr
    llvm.store %arg0, %1 : !llvm.ptr, !llvm.ptr
    llvm.store %arg1, %2 : i32, !llvm.ptr
    %12 = llvm.load %3 : !llvm.ptr -> i32
    %13 = llvm.load %5 : !llvm.ptr -> !llvm.ptr
    %14 = llvm.call @fdopen(%12, %13) : (i32, !llvm.ptr) -> !llvm.ptr
    llvm.store %14, %7 : !llvm.ptr, !llvm.ptr
    %15 = llvm.load %7 : !llvm.ptr -> !llvm.ptr
    llvm.store %15, %8 : !llvm.ptr, !llvm.ptr
    %16 = llvm.load %1 : !llvm.ptr -> !llvm.ptr
    %17 = llvm.load %2 : !llvm.ptr -> i32
    %18 = llvm.load %9 : !llvm.ptr -> i32
    %19 = llvm.load %8 : !llvm.ptr -> !llvm.ptr
    %20 = llvm.call @fwrite(%16, %17, %18, %19) : (!llvm.ptr, i32, i32, !llvm.ptr) -> i32
    llvm.store %20, %11 : i32, !llvm.ptr
    llvm.return
  }
  llvm.mlir.global internal @annonstr1("first \0A") {addr_space = 0 : i32}
  llvm.mlir.global internal @annonstr2("second \0A") {addr_space = 0 : i32}
  llvm.mlir.global internal @annonstr3("third \0A") {addr_space = 0 : i32}
  llvm.func @main() attributes {llvm.emit_c_interface} {
    %0 = llvm.mlir.constant(1 : i64) : i64
    %1 = llvm.alloca %0 x !llvm.array<3 x ptr> : (i64) -> !llvm.ptr
    %2 = llvm.alloca %0 x !llvm.ptr : (i64) -> !llvm.ptr
    %3 = llvm.mlir.addressof @annonstr1 : !llvm.ptr
    llvm.store %3, %2 : !llvm.ptr, !llvm.ptr
    %4 = llvm.alloca %0 x !llvm.ptr : (i64) -> !llvm.ptr
    %5 = llvm.mlir.addressof @annonstr2 : !llvm.ptr
    llvm.store %5, %4 : !llvm.ptr, !llvm.ptr
    %6 = llvm.alloca %0 x !llvm.ptr : (i64) -> !llvm.ptr
    %7 = llvm.mlir.addressof @annonstr3 : !llvm.ptr
    llvm.store %7, %6 : !llvm.ptr, !llvm.ptr
    %8 = llvm.alloca %0 x !llvm.array<3 x ptr> : (i64) -> !llvm.ptr
    %9 = llvm.alloca %0 x i32 : (i64) -> !llvm.ptr
    %10 = llvm.mlir.constant(1 : i32) : i32
    llvm.store %10, %9 : i32, !llvm.ptr
    %11 = llvm.alloca %0 x !llvm.ptr : (i64) -> !llvm.ptr
    %12 = llvm.alloca %0 x i32 : (i64) -> !llvm.ptr
    %13 = llvm.mlir.constant(8 : i32) : i32
    llvm.store %13, %12 : i32, !llvm.ptr
    %14 = llvm.alloca %0 x i32 : (i64) -> !llvm.ptr
    %15 = llvm.mlir.constant(2 : i32) : i32
    llvm.store %15, %14 : i32, !llvm.ptr
    %16 = llvm.alloca %0 x !llvm.ptr : (i64) -> !llvm.ptr
    %17 = llvm.alloca %0 x i32 : (i64) -> !llvm.ptr
    %18 = llvm.mlir.constant(7 : i32) : i32
    llvm.store %18, %17 : i32, !llvm.ptr
    %19 = llvm.load %2 : !llvm.ptr -> !llvm.ptr
    %20 = llvm.load %4 : !llvm.ptr -> !llvm.ptr
    %21 = llvm.load %6 : !llvm.ptr -> !llvm.ptr
    %22 = llvm.load %1 : !llvm.ptr -> !llvm.array<3 x ptr>
    %23 = llvm.insertvalue %19, %22[0] : !llvm.array<3 x ptr> 
    %24 = llvm.insertvalue %20, %23[1] : !llvm.array<3 x ptr> 
    %25 = llvm.insertvalue %21, %24[2] : !llvm.array<3 x ptr> 
    llvm.store %25, %1 : !llvm.array<3 x ptr>, !llvm.ptr
    %26 = llvm.load %1 : !llvm.ptr -> !llvm.array<3 x ptr>
    llvm.store %26, %8 : !llvm.array<3 x ptr>, !llvm.ptr
    %27 = llvm.load %9 : !llvm.ptr -> i32
    %28 = llvm.getelementptr %8[%27] : (!llvm.ptr, i32) -> !llvm.ptr, !llvm.ptr
    %29 = llvm.load %28 : !llvm.ptr -> !llvm.ptr
    llvm.store %29, %11 : !llvm.ptr, !llvm.ptr
    %30 = llvm.load %11 : !llvm.ptr -> !llvm.ptr
    %31 = llvm.load %12 : !llvm.ptr -> i32
    llvm.call @print(%30, %31) : (!llvm.ptr, i32) -> ()
    %32 = llvm.load %14 : !llvm.ptr -> i32
    %33 = llvm.getelementptr %8[%32] : (!llvm.ptr, i32) -> !llvm.ptr, !llvm.ptr
    %34 = llvm.load %33 : !llvm.ptr -> !llvm.ptr
    llvm.store %34, %16 : !llvm.ptr, !llvm.ptr
    %35 = llvm.load %16 : !llvm.ptr -> !llvm.ptr
    %36 = llvm.load %17 : !llvm.ptr -> i32
    llvm.call @print(%35, %36) : (!llvm.ptr, i32) -> ()
    llvm.return
  }
  llvm.func @_mlir_ciface_main() attributes {llvm.emit_c_interface} {
    llvm.call @main() : () -> ()
    llvm.return
  }
}
