---
source: crates/compiler/src/backend/mlir/codegen.rs
expression: "format!(\"{}\", mlir_output)"
---
module {
  llvm.func @fdopen(i32, !llvm.ptr) -> !llvm.ptr attributes {llvm.emit_c_interface, sym_visibility = "private"}
  llvm.func @fclose(!llvm.ptr) attributes {llvm.emit_c_interface, sym_visibility = "private"}
  llvm.func @fwrite(!llvm.ptr, i32, i32, !llvm.ptr) -> i32 attributes {llvm.emit_c_interface, sym_visibility = "private"}
  llvm.func @sprintf(!llvm.ptr, !llvm.ptr, i32) -> i32 attributes {llvm.emit_c_interface, sym_visibility = "private"}
  llvm.func @fflush(!llvm.ptr) -> i32 attributes {llvm.emit_c_interface, sym_visibility = "private"}
  llvm.func @sleep(i32) -> i32 attributes {llvm.emit_c_interface, sym_visibility = "private"}
  llvm.mlir.global internal @annonstr0("w") {addr_space = 0 : i32}
  llvm.func @print(%arg0: !llvm.ptr, %arg1: i32) {
    %0 = llvm.mlir.constant(1 : i64) : i64
    %1 = llvm.alloca %0 x !llvm.ptr : (i64) -> !llvm.ptr
    %2 = llvm.alloca %0 x i32 : (i64) -> !llvm.ptr
    %3 = llvm.alloca %0 x i32 : (i64) -> !llvm.ptr
    %4 = llvm.mlir.constant(1 : i32) : i32
    llvm.store %4, %3 : i32, !llvm.ptr
    %5 = llvm.alloca %0 x !llvm.ptr : (i64) -> !llvm.ptr
    %6 = llvm.mlir.addressof @annonstr0 : !llvm.ptr
    llvm.store %6, %5 : !llvm.ptr, !llvm.ptr
    %7 = llvm.alloca %0 x !llvm.ptr : (i64) -> !llvm.ptr
    %8 = llvm.alloca %0 x !llvm.ptr : (i64) -> !llvm.ptr
    %9 = llvm.alloca %0 x i32 : (i64) -> !llvm.ptr
    %10 = llvm.mlir.constant(1 : i32) : i32
    llvm.store %10, %9 : i32, !llvm.ptr
    %11 = llvm.alloca %0 x i32 : (i64) -> !llvm.ptr
    llvm.store %arg0, %1 : !llvm.ptr, !llvm.ptr
    llvm.store %arg1, %2 : i32, !llvm.ptr
    %12 = llvm.load %3 : !llvm.ptr -> i32
    %13 = llvm.load %5 : !llvm.ptr -> !llvm.ptr
    %14 = llvm.call @fdopen(%12, %13) : (i32, !llvm.ptr) -> !llvm.ptr
    llvm.store %14, %7 : !llvm.ptr, !llvm.ptr
    %15 = llvm.load %7 : !llvm.ptr -> !llvm.ptr
    llvm.store %15, %8 : !llvm.ptr, !llvm.ptr
    %16 = llvm.load %1 : !llvm.ptr -> !llvm.ptr
    %17 = llvm.load %2 : !llvm.ptr -> i32
    %18 = llvm.load %9 : !llvm.ptr -> i32
    %19 = llvm.load %8 : !llvm.ptr -> !llvm.ptr
    %20 = llvm.call @fwrite(%16, %17, %18, %19) : (!llvm.ptr, i32, i32, !llvm.ptr) -> i32
    llvm.store %20, %11 : i32, !llvm.ptr
    llvm.return
  }
  llvm.mlir.global internal @annonstr1("test") {addr_space = 0 : i32}
  llvm.func @main() attributes {llvm.emit_c_interface} {
    %0 = llvm.mlir.constant(1 : i64) : i64
    %1 = llvm.alloca %0 x !llvm.ptr : (i64) -> !llvm.ptr
    %2 = llvm.mlir.addressof @annonstr1 : !llvm.ptr
    llvm.store %2, %1 : !llvm.ptr, !llvm.ptr
    %3 = llvm.alloca %0 x !llvm.ptr : (i64) -> !llvm.ptr
    %4 = llvm.alloca %0 x i32 : (i64) -> !llvm.ptr
    %5 = llvm.mlir.constant(1 : i32) : i32
    llvm.store %5, %4 : i32, !llvm.ptr
    %6 = llvm.alloca %0 x i32 : (i64) -> !llvm.ptr
    %7 = llvm.mlir.constant(0 : i32) : i32
    llvm.store %7, %6 : i32, !llvm.ptr
    %8 = llvm.alloca %0 x i1 : (i64) -> !llvm.ptr
    %9 = llvm.load %1 : !llvm.ptr -> !llvm.ptr
    llvm.store %9, %3 : !llvm.ptr, !llvm.ptr
    %10 = llvm.load %4 : !llvm.ptr -> i32
    %11 = llvm.load %6 : !llvm.ptr -> i32
    %12 = llvm.icmp "sgt" %10, %11 : i32
    llvm.store %12, %8 : i1, !llvm.ptr
    %13 = llvm.load %8 : !llvm.ptr -> i1
    llvm.cond_br %13, ^bb1, ^bb2
  ^bb1:  // pred: ^bb0
    %14 = llvm.load %3 : !llvm.ptr -> !llvm.ptr
    llvm.call @borrow_val(%14) : (!llvm.ptr) -> ()
    llvm.br ^bb3
  ^bb2:  // pred: ^bb0
    %15 = llvm.load %3 : !llvm.ptr -> !llvm.ptr
    llvm.call @borrow_val(%15) : (!llvm.ptr) -> ()
    llvm.br ^bb3
  ^bb3:  // 2 preds: ^bb1, ^bb2
    llvm.return
  }
  llvm.func @_mlir_ciface_main() attributes {llvm.emit_c_interface} {
    llvm.call @main() : () -> ()
    llvm.return
  }
  llvm.func @borrow_val(%arg0: !llvm.ptr) {
    %0 = llvm.mlir.constant(1 : i64) : i64
    %1 = llvm.alloca %0 x !llvm.ptr : (i64) -> !llvm.ptr
    llvm.store %arg0, %1 : !llvm.ptr, !llvm.ptr
    llvm.return
  }
}
