---
source: crates/compiler/src/backend/mlir/codegen.rs
expression: "format!(\"{}\", mlir_output)"
---
module {
  llvm.func @fdopen(i32, !llvm.ptr) -> !llvm.ptr attributes {llvm.emit_c_interface, sym_visibility = "private"}
  llvm.func @fclose(!llvm.ptr) attributes {llvm.emit_c_interface, sym_visibility = "private"}
  llvm.func @fwrite(!llvm.ptr, i32, i32, !llvm.ptr) -> i32 attributes {llvm.emit_c_interface, sym_visibility = "private"}
  llvm.func @sprintf(!llvm.ptr, !llvm.ptr, i32) -> i32 attributes {llvm.emit_c_interface, sym_visibility = "private"}
  llvm.func @fflush(!llvm.ptr) -> i32 attributes {llvm.emit_c_interface, sym_visibility = "private"}
  llvm.func @sleep(i32) -> i32 attributes {llvm.emit_c_interface, sym_visibility = "private"}
  llvm.mlir.global internal @annonstr0("w") {addr_space = 0 : i32}
  llvm.func @print(%arg0: !llvm.ptr, %arg1: i32) {
    %0 = llvm.mlir.constant(1 : i64) : i64
    %1 = llvm.alloca %0 x !llvm.ptr : (i64) -> !llvm.ptr
    %2 = llvm.alloca %0 x i32 : (i64) -> !llvm.ptr
    %3 = llvm.alloca %0 x i32 : (i64) -> !llvm.ptr
    %4 = llvm.mlir.constant(1 : i32) : i32
    llvm.store %4, %3 : i32, !llvm.ptr
    %5 = llvm.alloca %0 x !llvm.ptr : (i64) -> !llvm.ptr
    %6 = llvm.mlir.addressof @annonstr0 : !llvm.ptr
    llvm.store %6, %5 : !llvm.ptr, !llvm.ptr
    %7 = llvm.alloca %0 x !llvm.ptr : (i64) -> !llvm.ptr
    %8 = llvm.alloca %0 x !llvm.ptr : (i64) -> !llvm.ptr
    %9 = llvm.alloca %0 x i32 : (i64) -> !llvm.ptr
    %10 = llvm.mlir.constant(1 : i32) : i32
    llvm.store %10, %9 : i32, !llvm.ptr
    %11 = llvm.alloca %0 x i32 : (i64) -> !llvm.ptr
    llvm.store %arg0, %1 : !llvm.ptr, !llvm.ptr
    llvm.store %arg1, %2 : i32, !llvm.ptr
    %12 = llvm.load %3 : !llvm.ptr -> i32
    %13 = llvm.load %5 : !llvm.ptr -> !llvm.ptr
    %14 = llvm.call @fdopen(%12, %13) : (i32, !llvm.ptr) -> !llvm.ptr
    llvm.store %14, %7 : !llvm.ptr, !llvm.ptr
    %15 = llvm.load %7 : !llvm.ptr -> !llvm.ptr
    llvm.store %15, %8 : !llvm.ptr, !llvm.ptr
    %16 = llvm.load %1 : !llvm.ptr -> !llvm.ptr
    %17 = llvm.load %2 : !llvm.ptr -> i32
    %18 = llvm.load %9 : !llvm.ptr -> i32
    %19 = llvm.load %8 : !llvm.ptr -> !llvm.ptr
    %20 = llvm.call @fwrite(%16, %17, %18, %19) : (!llvm.ptr, i32, i32, !llvm.ptr) -> i32
    llvm.store %20, %11 : i32, !llvm.ptr
    llvm.return
  }
  llvm.mlir.global internal @annonstr1("test") {addr_space = 0 : i32}
  llvm.mlir.global internal @annonstr2("hello\0A") {addr_space = 0 : i32}
  llvm.mlir.global internal @annonstr3("world\0A") {addr_space = 0 : i32}
  llvm.func @main() attributes {llvm.emit_c_interface} {
    %0 = llvm.mlir.constant(1 : i64) : i64
    %1 = llvm.alloca %0 x !llvm.ptr : (i64) -> !llvm.ptr
    %2 = llvm.mlir.addressof @annonstr1 : !llvm.ptr
    llvm.store %2, %1 : !llvm.ptr, !llvm.ptr
    %3 = llvm.alloca %0 x !llvm.ptr : (i64) -> !llvm.ptr
    %4 = llvm.alloca %0 x i32 : (i64) -> !llvm.ptr
    %5 = llvm.mlir.constant(0 : i32) : i32
    llvm.store %5, %4 : i32, !llvm.ptr
    %6 = llvm.alloca %0 x i32 : (i64) -> !llvm.ptr
    %7 = llvm.alloca %0 x !llvm.array<2 x ptr> : (i64) -> !llvm.ptr
    %8 = llvm.alloca %0 x !llvm.ptr : (i64) -> !llvm.ptr
    %9 = llvm.mlir.addressof @annonstr2 : !llvm.ptr
    llvm.store %9, %8 : !llvm.ptr, !llvm.ptr
    %10 = llvm.alloca %0 x !llvm.ptr : (i64) -> !llvm.ptr
    %11 = llvm.mlir.addressof @annonstr3 : !llvm.ptr
    llvm.store %11, %10 : !llvm.ptr, !llvm.ptr
    %12 = llvm.alloca %0 x !llvm.array<2 x ptr> : (i64) -> !llvm.ptr
    %13 = llvm.alloca %0 x i32 : (i64) -> !llvm.ptr
    %14 = llvm.mlir.constant(2 : i32) : i32
    llvm.store %14, %13 : i32, !llvm.ptr
    %15 = llvm.alloca %0 x i1 : (i64) -> !llvm.ptr
    %16 = llvm.alloca %0 x !llvm.ptr : (i64) -> !llvm.ptr
    %17 = llvm.alloca %0 x i32 : (i64) -> !llvm.ptr
    %18 = llvm.mlir.constant(6 : i32) : i32
    llvm.store %18, %17 : i32, !llvm.ptr
    %19 = llvm.alloca %0 x i32 : (i64) -> !llvm.ptr
    %20 = llvm.mlir.constant(1 : i32) : i32
    llvm.store %20, %19 : i32, !llvm.ptr
    %21 = llvm.alloca %0 x i32 : (i64) -> !llvm.ptr
    %22 = llvm.load %1 : !llvm.ptr -> !llvm.ptr
    llvm.store %22, %3 : !llvm.ptr, !llvm.ptr
    %23 = llvm.load %4 : !llvm.ptr -> i32
    llvm.store %23, %6 : i32, !llvm.ptr
    %24 = llvm.load %8 : !llvm.ptr -> !llvm.ptr
    %25 = llvm.load %10 : !llvm.ptr -> !llvm.ptr
    %26 = llvm.load %7 : !llvm.ptr -> !llvm.array<2 x ptr>
    %27 = llvm.mlir.constant(1 : i64) : i64
    %28 = llvm.alloca %27 x !llvm.array<2 x ptr> : (i64) -> !llvm.ptr
    %29 = llvm.insertvalue %24, %26[0] : !llvm.array<2 x ptr> 
    %30 = llvm.insertvalue %25, %29[1] : !llvm.array<2 x ptr> 
    llvm.store %30, %7 : !llvm.array<2 x ptr>, !llvm.ptr
    %31 = llvm.load %7 : !llvm.ptr -> !llvm.array<2 x ptr>
    llvm.store %31, %12 : !llvm.array<2 x ptr>, !llvm.ptr
    llvm.br ^bb1
  ^bb1:  // 2 preds: ^bb0, ^bb2
    %32 = llvm.load %6 : !llvm.ptr -> i32
    %33 = llvm.load %13 : !llvm.ptr -> i32
    %34 = llvm.icmp "slt" %32, %33 : i32
    llvm.store %34, %15 : i1, !llvm.ptr
    %35 = llvm.load %15 : !llvm.ptr -> i1
    llvm.cond_br %35, ^bb2, ^bb3
  ^bb2:  // pred: ^bb1
    %36 = llvm.load %3 : !llvm.ptr -> !llvm.ptr
    llvm.call @borrow_val(%36) : (!llvm.ptr) -> ()
    %37 = llvm.load %6 : !llvm.ptr -> i32
    %38 = llvm.sext %37 : i32 to i64
    %39 = llvm.getelementptr %12[%37] : (!llvm.ptr, i32) -> !llvm.ptr, !llvm.ptr
    %40 = llvm.load %39 : !llvm.ptr -> !llvm.ptr
    llvm.store %40, %16 : !llvm.ptr, !llvm.ptr
    %41 = llvm.load %16 : !llvm.ptr -> !llvm.ptr
    %42 = llvm.load %17 : !llvm.ptr -> i32
    llvm.call @print(%41, %42) : (!llvm.ptr, i32) -> ()
    %43 = llvm.load %6 : !llvm.ptr -> i32
    %44 = llvm.load %19 : !llvm.ptr -> i32
    %45 = llvm.add %43, %44 : i32
    llvm.store %45, %21 : i32, !llvm.ptr
    %46 = llvm.load %21 : !llvm.ptr -> i32
    llvm.store %46, %6 : i32, !llvm.ptr
    llvm.br ^bb1
  ^bb3:  // pred: ^bb1
    llvm.return
  }
  llvm.func @_mlir_ciface_main() attributes {llvm.emit_c_interface} {
    llvm.call @main() : () -> ()
    llvm.return
  }
  llvm.func @borrow_val(%arg0: !llvm.ptr) {
    %0 = llvm.mlir.constant(1 : i64) : i64
    %1 = llvm.alloca %0 x !llvm.ptr : (i64) -> !llvm.ptr
    llvm.store %arg0, %1 : !llvm.ptr, !llvm.ptr
    llvm.return
  }
}
