---
source: crates/compiler/src/ir.rs
expression: "format!(\"{}\", ir_progam)"
---
IR:
fn 17:
block_6
0: 7_val = fnarg
1: 8_len = fnarg
2: 9_anonymous := Int(1)
3: borrow(9_anonymous)
4: 10_anonymous := "w"
5: borrow(10_anonymous)
6: receiver_Ssaid(11) = @0( 9_anonymous, 10_anonymous,)
7: borrow_end(9_anonymous)
8: borrow_end(10_anonymous)
9: 12_stdoutptr = 11_fdopen_result
10: move(11_fdopen_result)
11: borrow(7_val)
12: borrow(8_len)
13: 13_anonymous := Int(1)
14: borrow(13_anonymous)
15: borrow(12_stdoutptr)
16: receiver_Ssaid(14) = @2( 7_val, 8_len, 13_anonymous, 12_stdoutptr,)
17: borrow_end(7_val)
18: borrow_end(8_len)
19: borrow_end(13_anonymous)
20: borrow_end(12_stdoutptr)
21: return

fn 22:
block_15
0: receiver_Ssaid(16) = @26()
1: 17_val = 16_generate_message_result
2: move(16_generate_message_result)
3: return

fn 26:
block_18
0: 19_anonymous := Int(2)
1: return 19
