---
source: crates/compiler/src/ir.rs
expression: "format!(\"{}\", ir_progam)"
---
IR:
fn 27:
block_8
0: 9_val = fnarg
1: 10_len = fnarg
2: 11_anonymous := Int(1)
3: move(11_anonymous)
4: 12_anonymous := "w"
5: move(12_anonymous)
6: receiver_Ssaid(13) = @2( 11_anonymous, 12_anonymous,)
7: 14_stdoutptr = 13_fdopen_result
8: move(13_fdopen_result)
9: move(9_val)
10: move(10_len)
11: 15_anonymous := Int(1)
12: move(15_anonymous)
13: move(14_stdoutptr)
14: receiver_Ssaid(16) = @4( 9_val, 10_len, 15_anonymous, 14_stdoutptr,)
15: 17_res = 16_fwrite_result
16: move(16_fwrite_result)
17: 18_anonymous := Int(1)
18: move(18_anonymous)
19: 19_anonymous := "w"
20: move(19_anonymous)
21: receiver_Ssaid(20) = @2( 18_anonymous, 19_anonymous,)
22: 21_stdoutptrb = 20_fdopen_result
23: move(20_fdopen_result)
24: move(21_stdoutptrb)
25: receiver_Ssaid(22) = @6( 21_stdoutptrb,)
26: 23_resb = 22_fflush_result
27: move(22_fflush_result)
28: return

fn 37:
block_24
0: 25_val = fnarg
1: 25_val = Project<25_val>
2: 26_allocator = fnarg
3: 26_allocator = Project<26_allocator>
4: 27_anon = Project<25_val>
5: move(27_anon)
6: 28_anon = Project<26_allocator>
7: move(28_anon)
8: receiver_Ssaid(29) = @45( 27_anon, 28_anon,)
9: 30_val_projection = 29_project_raw_string_result
10: move(29_project_raw_string_result)
11: move(30_val_projection)
12: struct_field_read_resul_Ssaid(31) = Ssaid(25)_FieldRead.5
13: move(31_struct_field_result)
14: @27( 30_val_projection, 31_struct_field_result,)
15: return

fn 45:
block_32
0: 33_val = fnarg
1: 33_val = Project<33_val>
2: 34_allocator = fnarg
3: 34_allocator = Project<34_allocator>
4: struct_field_read_resul_Ssaid(35) = Ssaid(34)_FieldRead.6
5: move(35_struct_field_result)
6: struct_field_read_resul_Ssaid(36) = Ssaid(33)_FieldRead.7
7: move(36_struct_field_result)
8: receiver_Ssaid(37) = intrinsic memory_offset( 35_struct_field_result, 36_struct_field_result,)
9: 38_string_ptr = 37_mem_offset_result
10: move(37_mem_offset_result)
11: return 38

fn 56:
block_39
0: 40_value = fnarg
1: 41_destination = fnarg
2: 42_length_in_bytes = fnarg
3: 43_offset_in_bytes = fnarg
4: move(41_destination)
5: move(43_offset_in_bytes)
6: receiver_Ssaid(44) = intrinsic memory_offset( 41_destination, 43_offset_in_bytes,)
7: 45_offset_destination = 44_mem_offset_result
8: move(44_mem_offset_result)
9: move(40_value)
10: move(45_offset_destination)
11: move(42_length_in_bytes)
12: @memory_write( 40_value, 45_offset_destination, 42_length_in_bytes,)
13: return

fn 59:
block_46
0: 47_value = fnarg
1: 48_destination = fnarg
2: 49_length_in_bytes = fnarg
3: 50_offset_in_bytes = fnarg
4: return

fn 65:
block_51
0: 52_value = fnarg
1: 53_offset_in_bytes = fnarg
2: move(52_value)
3: move(53_offset_in_bytes)
4: receiver_Ssaid(54) = intrinsic memory_offset( 52_value, 53_offset_in_bytes,)
5: return 54

fn 70:
block_55
0: 56_value = fnarg
1: 57_offset_in_bytes = fnarg
2: 58_anonymous := Int(10)
3: move(58_anonymous)
4: receiver_Ssaid(59) = @1( 58_anonymous,)
5: return 59

fn 83:
block_60
0: 61_allocator = fnarg
1: 61_allocator = Project<61_allocator>
2: 62_length = fnarg
3: struct_field_read_resul_Ssaid(63) = Ssaid(61)_FieldRead.8
4: 64_string_offset = 63_struct_field_result
5: move(63_struct_field_result)
6: 65_@addition_result = 64_string_offset + 62_length
7: move(64_string_offset)
8: move(62_length)
9: 66_new_offset = 65_@addition_result
10: move(65_@addition_result)
11: 61_allocator.some_field = 66_new_offset
12: move(66_new_offset)
13: return 64

fn 95:
block_67
0: 68_anonymous := Int(5000)
1: 69_size = 68_anonymous
2: move(68_anonymous)
3: move(69_size)
4: receiver_Ssaid(70) = @1( 69_size,)
5: 71_memory = 70_malloc_result
6: move(70_malloc_result)
7: 72_anonymous := Int(0)
8: struct_init_result_Ssaid(73) = StructInit<41>[ 71_memory, 69_size, 72_anonymous,]
9: return 73

fn 106:
block_74
0: 75_allocator = fnarg
1: 75_allocator = Project<75_allocator>
2: 76_length = fnarg
3: 77_anon = Project<75_allocator>
4: move(77_anon)
5: move(76_length)
6: receiver_Ssaid(78) = @83( 77_anon, 76_length,)
7: 79_string_offset = 78_allocate_for_string_result
8: move(78_allocate_for_string_result)
9: struct_init_result_Ssaid(80) = StructInit<45>[ 79_string_offset, 76_length,]
10: return 80

fn 142:
block_81
0: 82_anonymous := "testt\n"
1: 83_a = 82_anonymous
2: move(82_anonymous)
3: 84_anonymous := "empty\n"
4: 85_b = 84_anonymous
5: move(84_anonymous)
6: receiver_Ssaid(86) = @95()
7: 87_allocator = 86_init_string_allocator_result
8: move(86_init_string_allocator_result)
9: 88_anon = Project<87_allocator>
10: move(88_anon)
11: 89_anonymous := Int(6)
12: move(89_anonymous)
13: receiver_Ssaid(90) = @106( 88_anon, 89_anonymous,)
14: 91_new_string = 90_new_string_result
15: move(90_new_string_result)
16: 92_anon = Project<87_allocator>
17: move(92_anon)
18: 93_anonymous := Int(7)
19: move(93_anonymous)
20: receiver_Ssaid(94) = @106( 92_anon, 93_anonymous,)
21: 95_new_string_b = 94_new_string_result
22: move(94_new_string_result)
23: move(83_a)
24: struct_field_read_resul_Ssaid(96) = Ssaid(87)_FieldRead.10
25: move(96_struct_field_result)
26: struct_field_read_resul_Ssaid(97) = Ssaid(91)_FieldRead.11
27: move(97_struct_field_result)
28: struct_field_read_resul_Ssaid(98) = Ssaid(91)_FieldRead.12
29: move(98_struct_field_result)
30: @56( 83_a, 96_struct_field_result, 97_struct_field_result, 98_struct_field_result,)
31: move(85_b)
32: struct_field_read_resul_Ssaid(99) = Ssaid(87)_FieldRead.13
33: move(99_struct_field_result)
34: struct_field_read_resul_Ssaid(100) = Ssaid(95)_FieldRead.14
35: move(100_struct_field_result)
36: struct_field_read_resul_Ssaid(101) = Ssaid(95)_FieldRead.15
37: move(101_struct_field_result)
38: @56( 85_b, 99_struct_field_result, 100_struct_field_result, 101_struct_field_result,)
39: 102_anon = Project<91_new_string>
40: move(102_anon)
41: 103_anon = Project<87_allocator>
42: move(103_anon)
43: @37( 102_anon, 103_anon,)
44: 104_anon = Project<95_new_string_b>
45: move(104_anon)
46: 105_anon = Project<87_allocator>
47: move(105_anon)
48: @37( 104_anon, 105_anon,)
49: 106_anon = Project<95_new_string_b>
50: move(106_anon)
51: 107_anon = Project<87_allocator>
52: move(107_anon)
53: @37( 106_anon, 107_anon,)
54: return
