---
source: crates/compiler/src/analysis/free_dead_resources.rs
expression: "format!(\"{}\", ir_program)"
---
IR:
fn 33:
block_19
0: 20_val = fnarg
1: 21_len = fnarg
2: 22_anonymous := Int(1)
3: 23_24: std_out = 22_anonymous
4: move(22_anonymous)
5: 24_anonymous := Int(1)
6: 25_25: character_size = 24_anonymous
7: move(24_anonymous)
8: move(23_std_out)
9: 26_anonymous := "w"
10: move(26_anonymous)
11: receiver_Ssaid(27) = @4( 23_std_out, 26_anonymous,)
12: 28_stdoutptr = 27_fdopen_result
13: move(27_fdopen_result)
14: move(20_val)
15: move(21_len)
16: move(25_character_size)
17: move(28_stdoutptr)
18: receiver_Ssaid(29) = @6( 20_val, 21_len, 25_character_size, 28_stdoutptr,)
19: 30_res = 29_fwrite_result
20: drop(30_res)
21: move(29_fwrite_result)
22: move(23_std_out)
23: 31_anonymous := "w"
24: move(31_anonymous)
25: receiver_Ssaid(32) = @4( 23_std_out, 31_anonymous,)
26: 33_stdoutptrb = 32_fdopen_result
27: move(32_fdopen_result)
28: move(33_stdoutptrb)
29: receiver_Ssaid(34) = @8( 33_stdoutptrb,)
30: 35_resb = 34_fflush_result
31: drop(35_resb)
32: move(34_fflush_result)
33: return

fn 43:
block_36
0: 37_val = fnarg
1: 37_val = Project<37_val>
2: 38_allocator = fnarg
3: 38_allocator = Project<38_allocator>
4: 39_anon = Project<37_val>
5: move(39_anon)
6: 40_anon = Project<38_allocator>
7: move(40_anon)
8: receiver_Ssaid(41) = @51( 39_anon, 40_anon,)
9: 42_val_projection = 41_project_raw_string_result
10: move(41_project_raw_string_result)
11: move(42_val_projection)
12: struct_field_read_resul_Ssaid(43) = Ssaid(37)_FieldRead.5
13: move(43_struct_field_result)
14: @33( 42_val_projection, 43_struct_field_result,)
15: return

fn 51:
block_44
0: 45_val = fnarg
1: 45_val = Project<45_val>
2: 46_allocator = fnarg
3: 46_allocator = Project<46_allocator>
4: struct_field_read_resul_Ssaid(47) = Ssaid(46)_FieldRead.6
5: move(47_struct_field_result)
6: struct_field_read_resul_Ssaid(48) = Ssaid(45)_FieldRead.7
7: move(48_struct_field_result)
8: receiver_Ssaid(49) = resultfull_intrinsic memory_offset( 47_struct_field_result, 48_struct_field_result,)
9: 50_string_ptr = 49_pointer_from_offset_result
10: drop(50_string_ptr)
11: move(49_pointer_from_offset_result)
12: return 50

fn 62:
block_51
0: 52_value = fnarg
1: 53_destination = fnarg
2: 54_length_in_bytes = fnarg
3: 55_offset_in_bytes = fnarg
4: move(53_destination)
5: move(55_offset_in_bytes)
6: receiver_Ssaid(56) = resultfull_intrinsic memory_offset( 53_destination, 55_offset_in_bytes,)
7: 57_offset_destination = 56_pointer_from_offset_result
8: move(56_pointer_from_offset_result)
9: move(52_value)
10: move(57_offset_destination)
11: move(54_length_in_bytes)
12: resutless_intrinsic memory_write( 52_value, 57_offset_destination, 54_length_in_bytes,)
13: return

fn 75:
block_58
0: 59_allocator = fnarg
1: 59_allocator = Project<59_allocator>
2: 60_length = fnarg
3: struct_field_read_resul_Ssaid(61) = Ssaid(59)_FieldRead.8
4: 62_string_offset = 61_struct_field_result
5: move(61_struct_field_result)
6: 63_@bin_op_result = 62_string_offset + 60_length
7: move(62_string_offset)
8: move(60_length)
9: 64_new_offset = 63_@bin_op_result
10: move(63_@bin_op_result)
11: 59_allocator.some_field = 64_new_offset
12: move(64_new_offset)
13: return 62

fn 87:
block_65
0: 66_anonymous := Int(5000)
1: 67_43: size = 66_anonymous
2: move(66_anonymous)
3: move(67_size)
4: receiver_Ssaid(68) = @3( 67_size,)
5: 69_memory = 68_malloc_result
6: drop(69_memory)
7: move(68_malloc_result)
8: 70_anonymous := Int(0)
9: struct_init_result_Ssaid(71) = StructInit<45>[ 69_memory, 67_size, 70_anonymous,]
10: return 71

fn 98:
block_72
0: 73_allocator = fnarg
1: 73_allocator = Project<73_allocator>
2: 74_length = fnarg
3: 75_anon = Project<73_allocator>
4: move(75_anon)
5: move(74_length)
6: receiver_Ssaid(76) = @75( 75_anon, 74_length,)
7: 77_string_offset = 76_allocate_for_string_result
8: drop(77_string_offset)
9: move(76_allocate_for_string_result)
10: struct_init_result_Ssaid(78) = StructInit<49>[ 77_string_offset, 74_length,]
11: return 78

fn 134:
block_79
0: 80_anonymous := "testt\n"
1: 81_a = 80_anonymous
2: move(80_anonymous)
3: 82_anonymous := "empty\n"
4: 83_b = 82_anonymous
5: move(82_anonymous)
6: receiver_Ssaid(84) = @87()
7: 85_allocator = 84_init_string_allocator_result
8: drop(85_allocator)
9: move(84_init_string_allocator_result)
10: 86_anon = Project<85_allocator>
11: move(86_anon)
12: 87_anonymous := Int(6)
13: move(87_anonymous)
14: receiver_Ssaid(88) = @98( 86_anon, 87_anonymous,)
15: 89_new_string = 88_new_string_result
16: drop(89_new_string)
17: move(88_new_string_result)
18: 90_anon = Project<85_allocator>
19: move(90_anon)
20: 91_anonymous := Int(6)
21: move(91_anonymous)
22: receiver_Ssaid(92) = @98( 90_anon, 91_anonymous,)
23: 93_new_string_b = 92_new_string_result
24: drop(93_new_string_b)
25: move(92_new_string_result)
26: move(81_a)
27: struct_field_read_resul_Ssaid(94) = Ssaid(85)_FieldRead.10
28: move(94_struct_field_result)
29: struct_field_read_resul_Ssaid(95) = Ssaid(89)_FieldRead.11
30: move(95_struct_field_result)
31: struct_field_read_resul_Ssaid(96) = Ssaid(89)_FieldRead.12
32: move(96_struct_field_result)
33: @62( 81_a, 94_struct_field_result, 95_struct_field_result, 96_struct_field_result,)
34: move(83_b)
35: struct_field_read_resul_Ssaid(97) = Ssaid(85)_FieldRead.13
36: move(97_struct_field_result)
37: struct_field_read_resul_Ssaid(98) = Ssaid(93)_FieldRead.14
38: move(98_struct_field_result)
39: struct_field_read_resul_Ssaid(99) = Ssaid(93)_FieldRead.15
40: move(99_struct_field_result)
41: @62( 83_b, 97_struct_field_result, 98_struct_field_result, 99_struct_field_result,)
42: 100_anon = Project<89_new_string>
43: move(100_anon)
44: 101_anon = Project<85_allocator>
45: move(101_anon)
46: @43( 100_anon, 101_anon,)
47: 102_anon = Project<93_new_string_b>
48: move(102_anon)
49: 103_anon = Project<85_allocator>
50: move(103_anon)
51: @43( 102_anon, 103_anon,)
52: 104_anon = Project<93_new_string_b>
53: move(104_anon)
54: 105_anon = Project<85_allocator>
55: move(105_anon)
56: @43( 104_anon, 105_anon,)
57: return
