---
source: crates/compiler/src/analysis/liveness_analysis.rs
expression: "format!(\"{:#?}\", analysis_result)"
---
Ok(
    {
        FunctionDeclarationID(
            17,
        ): VariableLiveness {
            variables: {
                Ssaid(
                    5,
                ): AbstractAddressRange {
                    start_address: AbstractAddress {
                        block_id: BlockId(
                            4,
                        ),
                        inststruction: 17,
                    },
                    end_addresses: [
                        AbstractAddress {
                            block_id: BlockId(
                                4,
                            ),
                            inststruction: 17,
                        },
                    ],
                },
                Ssaid(
                    6,
                ): AbstractAddressRange {
                    start_address: AbstractAddress {
                        block_id: BlockId(
                            4,
                        ),
                        inststruction: 18,
                    },
                    end_addresses: [
                        AbstractAddress {
                            block_id: BlockId(
                                4,
                            ),
                            inststruction: 18,
                        },
                    ],
                },
                Ssaid(
                    7,
                ): AbstractAddressRange {
                    start_address: AbstractAddress {
                        block_id: BlockId(
                            4,
                        ),
                        inststruction: 7,
                    },
                    end_addresses: [
                        AbstractAddress {
                            block_id: BlockId(
                                4,
                            ),
                            inststruction: 7,
                        },
                    ],
                },
                Ssaid(
                    8,
                ): AbstractAddressRange {
                    start_address: AbstractAddress {
                        block_id: BlockId(
                            4,
                        ),
                        inststruction: 8,
                    },
                    end_addresses: [
                        AbstractAddress {
                            block_id: BlockId(
                                4,
                            ),
                            inststruction: 8,
                        },
                    ],
                },
                Ssaid(
                    9,
                ): AbstractAddressRange {
                    start_address: AbstractAddress {
                        block_id: BlockId(
                            4,
                        ),
                        inststruction: 6,
                    },
                    end_addresses: [
                        AbstractAddress {
                            block_id: BlockId(
                                4,
                            ),
                            inststruction: 10,
                        },
                    ],
                },
                Ssaid(
                    10,
                ): AbstractAddressRange {
                    start_address: AbstractAddress {
                        block_id: BlockId(
                            4,
                        ),
                        inststruction: 9,
                    },
                    end_addresses: [
                        AbstractAddress {
                            block_id: BlockId(
                                4,
                            ),
                            inststruction: 20,
                        },
                    ],
                },
                Ssaid(
                    11,
                ): AbstractAddressRange {
                    start_address: AbstractAddress {
                        block_id: BlockId(
                            4,
                        ),
                        inststruction: 19,
                    },
                    end_addresses: [
                        AbstractAddress {
                            block_id: BlockId(
                                4,
                            ),
                            inststruction: 19,
                        },
                    ],
                },
                Ssaid(
                    12,
                ): AbstractAddressRange {
                    start_address: AbstractAddress {
                        block_id: BlockId(
                            4,
                        ),
                        inststruction: 16,
                    },
                    end_addresses: [
                        AbstractAddress {
                            block_id: BlockId(
                                4,
                            ),
                            inststruction: 16,
                        },
                    ],
                },
            },
            variable_moved: {
                Ssaid(
                    9,
                ): {
                    BlockId(
                        4,
                    ),
                },
            },
        },
        FunctionDeclarationID(
            28,
        ): VariableLiveness {
            variables: {
                Ssaid(
                    14,
                ): AbstractAddressRange {
                    start_address: AbstractAddress {
                        block_id: BlockId(
                            13,
                        ),
                        inststruction: 2,
                    },
                    end_addresses: [
                        AbstractAddress {
                            block_id: BlockId(
                                13,
                            ),
                            inststruction: 2,
                        },
                    ],
                },
                Ssaid(
                    15,
                ): AbstractAddressRange {
                    start_address: AbstractAddress {
                        block_id: BlockId(
                            13,
                        ),
                        inststruction: 1,
                    },
                    end_addresses: [
                        AbstractAddress {
                            block_id: BlockId(
                                13,
                            ),
                            inststruction: 8,
                        },
                    ],
                },
                Ssaid(
                    16,
                ): AbstractAddressRange {
                    start_address: AbstractAddress {
                        block_id: BlockId(
                            13,
                        ),
                        inststruction: 7,
                    },
                    end_addresses: [
                        AbstractAddress {
                            block_id: BlockId(
                                13,
                            ),
                            inststruction: 7,
                        },
                    ],
                },
                Ssaid(
                    17,
                ): AbstractAddressRange {
                    start_address: AbstractAddress {
                        block_id: BlockId(
                            13,
                        ),
                        inststruction: 12,
                    },
                    end_addresses: [
                        AbstractAddress {
                            block_id: BlockId(
                                13,
                            ),
                            inststruction: 12,
                        },
                    ],
                },
            },
            variable_moved: {
                Ssaid(
                    14,
                ): {
                    BlockId(
                        13,
                    ),
                },
                Ssaid(
                    15,
                ): {
                    BlockId(
                        13,
                    ),
                },
            },
        },
        FunctionDeclarationID(
            31,
        ): VariableLiveness {
            variables: {},
            variable_moved: {},
        },
    },
)
