---
source: crates/compiler/src/analysis/free_dead_resources.rs
expression: "format!(\"{}\", ir_program)"
---
IR:
fn 17:
block_6
0: 7_val = fnarg
1: 8_len = fnarg
2: 9_anonymous := Int(1)
3: borrow(9_anonymous)
4: 10_anonymous := "w"
5: borrow(10_anonymous)
6: receiver_Ssaid(11) = @0( let 9_anonymous, let 10_anonymous,)
7: borrow_end(9_anonymous)
8: borrow_end(10_anonymous)
9: 12_stdoutptr = 11_fdopen_result
10: drop(9_anonymous)
11: move(11_fdopen_result)
12: drop(10_anonymous)
13: borrow(7_val)
14: borrow(8_len)
15: 13_anonymous := Int(1)
16: borrow(13_anonymous)
17: borrow(12_stdoutptr)
18: receiver_Ssaid(14) = @2( let 7_val, let 8_len, let 13_anonymous, let 12_stdoutptr,)
19: borrow_end(7_val)
20: drop(7_val)
21: borrow_end(8_len)
22: drop(8_len)
23: drop(14_fwrite_result)
24: borrow_end(13_anonymous)
25: borrow_end(12_stdoutptr)
26: drop(13_anonymous)
27: drop(12_stdoutptr)
28: return

fn 44:
block_15
0: 16_anonymous := "test"
1: 17_val = 16_anonymous
2: move(16_anonymous)
3: 18_anonymous := Int(0)
4: 19_i = 18_anonymous
5: move(18_anonymous)
6: 22_anonymous := "hello\n"
7: 23_anonymous := "world\n"
8: move(22_anonymous)
9: move(23_anonymous)
10: array_init_result_Ssaid(21) = InitArray[ 22_anonymous, 23_anonymous,]
11: 24_values = 21_@array_init_result
12: move(21_@array_init_result)
13: While block_BlockId(25)  { block_BlockId(28) }

block_25
0: 26_anonymous := Int(2)
1: 27_@less_than_result = 19_i < 26_anonymous
2: move(19_i)
3: move(26_anonymous)

block_28
0: borrow(17_val)
1: @47( let 17_val,)
2: borrow_end(17_val)
3: move(19_i)
4: move(24_values)
5: array_lookup_result_Ssaid(29) = ArrayLookup( 24_values, 19_i, 29_@array_lookup_result,)
6: borrow(29_@array_lookup_result)
7: 30_anonymous := Int(6)
8: borrow(30_anonymous)
9: @17( let 29_@array_lookup_result, let 30_anonymous,)
10: borrow_end(29_@array_lookup_result)
11: borrow_end(30_anonymous)
12: 31_anonymous := Int(1)
13: 32_@addition_result = 19_i + 31_anonymous
14: move(19_i)
15: move(31_anonymous)
16: 19_i = 32_@addition_result
17: move(32_@addition_result)

block_33
0: drop(30_anonymous)
1: drop(29_@array_lookup_result)
2: drop(19_i)
3: drop(17_val)
4: return

fn 47:
block_34
0: 35_v = fnarg
1: return
