---
source: crates/compiler/src/analysis/free_dead_resources.rs
expression: "format!(\"{}\", ir_program)"
---
IR:
fn 17:
block_5
0: 6_val = fnarg
1: 7_len = fnarg
2: 8_anonymous := Int(1)
3: borrow(8_anonymous)
4: 9_anonymous := "w"
5: borrow(9_anonymous)
6: receiver_Ssaid(10) = @0( let 8_anonymous, let 9_anonymous,)
7: borrow_end(8_anonymous)
8: borrow_end(9_anonymous)
9: 11_stdoutptr = 10_fdopen_result
10: drop(8_anonymous)
11: move(10_fdopen_result)
12: drop(9_anonymous)
13: borrow(6_val)
14: borrow(7_len)
15: 12_anonymous := Int(1)
16: borrow(12_anonymous)
17: borrow(11_stdoutptr)
18: receiver_Ssaid(13) = @2( let 6_val, let 7_len, let 12_anonymous, let 11_stdoutptr,)
19: borrow_end(6_val)
20: drop(6_val)
21: borrow_end(7_len)
22: drop(7_len)
23: drop(13_fwrite_result)
24: borrow_end(12_anonymous)
25: borrow_end(11_stdoutptr)
26: drop(12_anonymous)
27: drop(11_stdoutptr)
28: return

fn 26:
block_14
0: 15_anonymous := "hello world!"
1: 16_message = 15_anonymous
2: move(15_anonymous)
3: borrow(16_message)
4: @29( let 16_message,)
5: borrow_end(16_message)
6: borrow(16_message)
7: @29( let 16_message,)
8: borrow_end(16_message)
9: drop(16_message)
10: return

fn 29:
block_17
0: 18_test = fnarg
1: return
