---
source: crates/compiler/src/analysis/free_dead_resources.rs
expression: "format!(\"{}\", ir_program)"
---
IR:
fn 17:
block_6
0: 7_val = fnarg
1: 8_len = fnarg
2: 9_anonymous := Int(1)
3: borrow(9_anonymous)
4: 10_anonymous := "w"
5: borrow(10_anonymous)
6: receiver_Ssaid(11) = @0( let 9_anonymous, let 10_anonymous,)
7: borrow_end(9_anonymous)
8: borrow_end(10_anonymous)
9: 12_stdoutptr = 11_fdopen_result
10: drop(9_anonymous)
11: move(11_fdopen_result)
12: drop(10_anonymous)
13: borrow(7_val)
14: borrow(8_len)
15: 13_anonymous := Int(1)
16: borrow(13_anonymous)
17: borrow(12_stdoutptr)
18: receiver_Ssaid(14) = @2( let 7_val, let 8_len, let 13_anonymous, let 12_stdoutptr,)
19: borrow_end(7_val)
20: drop(7_val)
21: borrow_end(8_len)
22: drop(8_len)
23: drop(14_fwrite_result)
24: borrow_end(13_anonymous)
25: borrow_end(12_stdoutptr)
26: drop(13_anonymous)
27: drop(12_stdoutptr)
28: return

fn 33:
block_15
0: 18_anonymous := "first \n"
1: 19_anonymous := "second \n"
2: 20_anonymous := "third \n"
3: move(18_anonymous)
4: move(19_anonymous)
5: move(20_anonymous)
6: array_init_result_Ssaid(17) = InitArray[ 18_anonymous, 19_anonymous, 20_anonymous,]
7: 21_vals = 17_@array_init_result
8: move(17_@array_init_result)
9: 22_anonymous := Int(1)
10: move(22_anonymous)
11: move(21_vals)
12: array_lookup_result_Ssaid(23) = ArrayLookup( 21_vals, 22_anonymous, 23_@array_lookup_result,)
13: borrow(23_@array_lookup_result)
14: 24_anonymous := Int(8)
15: borrow(24_anonymous)
16: @17( let 23_@array_lookup_result, let 24_anonymous,)
17: borrow_end(23_@array_lookup_result)
18: drop(23_@array_lookup_result)
19: borrow_end(24_anonymous)
20: drop(24_anonymous)
21: 25_anonymous := Int(2)
22: move(25_anonymous)
23: move(21_vals)
24: array_lookup_result_Ssaid(26) = ArrayLookup( 21_vals, 25_anonymous, 26_@array_lookup_result,)
25: borrow(26_@array_lookup_result)
26: 27_anonymous := Int(7)
27: borrow(27_anonymous)
28: @17( let 26_@array_lookup_result, let 27_anonymous,)
29: borrow_end(26_@array_lookup_result)
30: drop(26_@array_lookup_result)
31: borrow_end(27_anonymous)
32: drop(27_anonymous)
33: return
