---
source: crates/compiler/src/analysis/free_dead_resources.rs
expression: "format!(\"{}\", ir_program)"
---
IR:
fn 29:
block_6
0: 7_val = fnarg
1: 8_len = fnarg
2: 9_anonymous := Int(1)
3: move(9_anonymous)
4: 10_anonymous := "w"
5: move(10_anonymous)
6: receiver_Ssaid(11) = @4( 9_anonymous, 10_anonymous,)
7: 12_stdoutptr = 11_fdopen_result
8: move(11_fdopen_result)
9: move(7_val)
10: move(8_len)
11: 13_anonymous := Int(1)
12: move(13_anonymous)
13: move(12_stdoutptr)
14: receiver_Ssaid(14) = @6( 7_val, 8_len, 13_anonymous, 12_stdoutptr,)
15: 15_res = 14_fwrite_result
16: drop(15_res)
17: move(14_fwrite_result)
18: 16_anonymous := Int(1)
19: move(16_anonymous)
20: 17_anonymous := "w"
21: move(17_anonymous)
22: receiver_Ssaid(18) = @4( 16_anonymous, 17_anonymous,)
23: 19_stdoutptrb = 18_fdopen_result
24: move(18_fdopen_result)
25: move(19_stdoutptrb)
26: receiver_Ssaid(20) = @8( 19_stdoutptrb,)
27: 21_resb = 20_fflush_result
28: drop(21_resb)
29: move(20_fflush_result)
30: return

fn 48:
block_22
0: 23_anonymous := "some str"
1: 24_test_val = 23_anonymous
2: move(23_anonymous)
3: 25_anonymous := Int(1)
4: 26_anonymous := Int(0)
5: 27_@greater_than_result = 25_anonymous > 26_anonymous
6: move(25_anonymous)
7: move(26_anonymous)
8: if 27_@greater_than_result then 28_block else 31_block

block_28
0: 29_anon = Project<24_test_val>
1: move(29_anon)
2: @51( 29_anon,)
3: move(24_test_val)
4: @54( 24_test_val,)

block_31
0: 32_anon = Project<24_test_val>
1: move(32_anon)
2: @51( 32_anon,)
3: move(24_test_val)
4: @54( 24_test_val,)

block_30
0: return

block_30
0: return

fn 51:
block_33
0: 34_val = fnarg
1: 34_val = Project<34_val>
2: return

fn 54:
block_35
0: 36_val = fnarg
1: return
