---
source: crates/compiler/src/analysis/free_dead_resources.rs
expression: "format!(\"{}\", ir_program)"
---
IR:
fn 29:
block_6
0: 7_val = fnarg
1: 8_len = fnarg
2: 9_anonymous := Int(1)
3: move(9_anonymous)
4: 10_anonymous := "w"
5: move(10_anonymous)
6: receiver_Ssaid(11) = @4( 9_anonymous, 10_anonymous,)
7: 12_stdoutptr = 11_fdopen_result
8: move(11_fdopen_result)
9: move(7_val)
10: move(8_len)
11: 13_anonymous := Int(1)
12: move(13_anonymous)
13: move(12_stdoutptr)
14: receiver_Ssaid(14) = @6( 7_val, 8_len, 13_anonymous, 12_stdoutptr,)
15: 15_res = 14_fwrite_result
16: drop(15_res)
17: move(14_fwrite_result)
18: 16_anonymous := Int(1)
19: move(16_anonymous)
20: 17_anonymous := "w"
21: move(17_anonymous)
22: receiver_Ssaid(18) = @4( 16_anonymous, 17_anonymous,)
23: 19_stdoutptrb = 18_fdopen_result
24: move(18_fdopen_result)
25: move(19_stdoutptrb)
26: receiver_Ssaid(20) = @8( 19_stdoutptrb,)
27: 21_resb = 20_fflush_result
28: drop(21_resb)
29: move(20_fflush_result)
30: return

fn 45:
block_22
0: 25_anonymous := "first \n"
1: 26_anonymous := "second \n"
2: 27_anonymous := "third \n"
3: move(25_anonymous)
4: move(26_anonymous)
5: move(27_anonymous)
6: array_init_result_Ssaid(24) = InitArray[ 25_anonymous, 26_anonymous, 27_anonymous,]
7: 28_vals = 24_@array_init_result
8: move(24_@array_init_result)
9: 29_anonymous := Int(1)
10: move(29_anonymous)
11: move(28_vals)
12: array_lookup_result_Ssaid(30) = ArrayLookup( 28_vals, 29_anonymous, 30_@array_lookup_result,)
13: move(30_@array_lookup_result)
14: 31_anonymous := Int(8)
15: move(31_anonymous)
16: @29( 30_@array_lookup_result, 31_anonymous,)
17: 32_anonymous := Int(2)
18: move(32_anonymous)
19: move(28_vals)
20: array_lookup_result_Ssaid(33) = ArrayLookup( 28_vals, 32_anonymous, 33_@array_lookup_result,)
21: move(33_@array_lookup_result)
22: 34_anonymous := Int(7)
23: move(34_anonymous)
24: @29( 33_@array_lookup_result, 34_anonymous,)
25: return
