---
source: crates/compiler/src/analysis/free_dead_resources.rs
expression: "format!(\"{}\", ir_program)"
---
IR:
fn 17:
block_6
0: 7_val = fnarg
1: 8_len = fnarg
2: 9_anonymous := Int(1)
3: borrow(9_anonymous)
4: 10_anonymous := "w"
5: borrow(10_anonymous)
6: receiver_Ssaid(11) = @0( 9_anonymous, 10_anonymous,)
7: borrow_end(9_anonymous)
8: borrow_end(10_anonymous)
9: 12_stdoutptr = 11_fdopen_result
10: drop(9_anonymous)
11: move(11_fdopen_result)
12: drop(10_anonymous)
13: borrow(7_val)
14: borrow(8_len)
15: 13_anonymous := Int(1)
16: borrow(13_anonymous)
17: borrow(12_stdoutptr)
18: receiver_Ssaid(14) = @2( 7_val, 8_len, 13_anonymous, 12_stdoutptr,)
19: borrow_end(7_val)
20: drop(7_val)
21: borrow_end(8_len)
22: drop(8_len)
23: drop(14_fwrite_result)
24: borrow_end(13_anonymous)
25: borrow_end(12_stdoutptr)
26: drop(13_anonymous)
27: drop(12_stdoutptr)
28: return

fn 38:
block_15
0: 16_anonymous := "test"
1: 17_test = 16_anonymous
2: move(16_anonymous)
3: 18_anonymous := Int(0)
4: 19_i = 18_anonymous
5: move(18_anonymous)
6: While block_BlockId(20)  { block_BlockId(23) }

block_20
0: 21_anonymous := Int(2)
1: 22_@less_than_result = 19_i < 21_anonymous
2: move(19_i)
3: move(21_anonymous)

block_23
0: borrow(17_test)
1: @44( 17_test,)
2: borrow_end(17_test)
3: 24_anonymous := Int(1)
4: 25_@addition_result = 19_i + 24_anonymous
5: move(19_i)
6: move(24_anonymous)
7: 19_i = 25_@addition_result
8: move(25_@addition_result)

block_26
0: drop(19_i)
1: move(17_test)
2: @41( 17_test,)
3: return

fn 41:
block_27
0: 28_test = fnarg
1: return

fn 44:
block_29
0: 30_test = fnarg
1: return
