---
source: crates/compiler/src/analysis/liveness_analysis.rs
expression: "format!(\"{:#?}\", analysis_result)"
---
Ok(
    {
        FunctionDeclarationID(
            17,
        ): VariableLiveness {
            variables: {
                Ssaid(
                    8,
                ): AbstractAddressRange {
                    start_address: AbstractAddress {
                        block_id: BlockId(
                            7,
                        ),
                        inststruction: 17,
                    },
                    end_addresses: [
                        AbstractAddress {
                            block_id: BlockId(
                                7,
                            ),
                            inststruction: 17,
                        },
                    ],
                },
                Ssaid(
                    9,
                ): AbstractAddressRange {
                    start_address: AbstractAddress {
                        block_id: BlockId(
                            7,
                        ),
                        inststruction: 18,
                    },
                    end_addresses: [
                        AbstractAddress {
                            block_id: BlockId(
                                7,
                            ),
                            inststruction: 18,
                        },
                    ],
                },
                Ssaid(
                    10,
                ): AbstractAddressRange {
                    start_address: AbstractAddress {
                        block_id: BlockId(
                            7,
                        ),
                        inststruction: 7,
                    },
                    end_addresses: [
                        AbstractAddress {
                            block_id: BlockId(
                                7,
                            ),
                            inststruction: 7,
                        },
                    ],
                },
                Ssaid(
                    11,
                ): AbstractAddressRange {
                    start_address: AbstractAddress {
                        block_id: BlockId(
                            7,
                        ),
                        inststruction: 8,
                    },
                    end_addresses: [
                        AbstractAddress {
                            block_id: BlockId(
                                7,
                            ),
                            inststruction: 8,
                        },
                    ],
                },
                Ssaid(
                    12,
                ): AbstractAddressRange {
                    start_address: AbstractAddress {
                        block_id: BlockId(
                            7,
                        ),
                        inststruction: 6,
                    },
                    end_addresses: [
                        AbstractAddress {
                            block_id: BlockId(
                                7,
                            ),
                            inststruction: 10,
                        },
                    ],
                },
                Ssaid(
                    13,
                ): AbstractAddressRange {
                    start_address: AbstractAddress {
                        block_id: BlockId(
                            7,
                        ),
                        inststruction: 9,
                    },
                    end_addresses: [
                        AbstractAddress {
                            block_id: BlockId(
                                7,
                            ),
                            inststruction: 20,
                        },
                    ],
                },
                Ssaid(
                    14,
                ): AbstractAddressRange {
                    start_address: AbstractAddress {
                        block_id: BlockId(
                            7,
                        ),
                        inststruction: 19,
                    },
                    end_addresses: [
                        AbstractAddress {
                            block_id: BlockId(
                                7,
                            ),
                            inststruction: 19,
                        },
                    ],
                },
                Ssaid(
                    15,
                ): AbstractAddressRange {
                    start_address: AbstractAddress {
                        block_id: BlockId(
                            7,
                        ),
                        inststruction: 16,
                    },
                    end_addresses: [
                        AbstractAddress {
                            block_id: BlockId(
                                7,
                            ),
                            inststruction: 16,
                        },
                    ],
                },
            },
            variable_moved: {
                Ssaid(
                    12,
                ): {
                    BlockId(
                        7,
                    ),
                },
            },
        },
        FunctionDeclarationID(
            42,
        ): VariableLiveness {
            variables: {
                Ssaid(
                    17,
                ): AbstractAddressRange {
                    start_address: AbstractAddress {
                        block_id: BlockId(
                            16,
                        ),
                        inststruction: 2,
                    },
                    end_addresses: [
                        AbstractAddress {
                            block_id: BlockId(
                                16,
                            ),
                            inststruction: 2,
                        },
                    ],
                },
                Ssaid(
                    18,
                ): AbstractAddressRange {
                    start_address: AbstractAddress {
                        block_id: BlockId(
                            16,
                        ),
                        inststruction: 1,
                    },
                    end_addresses: [
                        AbstractAddress {
                            block_id: BlockId(
                                16,
                            ),
                            inststruction: 1,
                        },
                    ],
                },
                Ssaid(
                    21,
                ): AbstractAddressRange {
                    start_address: AbstractAddress {
                        block_id: BlockId(
                            16,
                        ),
                        inststruction: 7,
                    },
                    end_addresses: [
                        AbstractAddress {
                            block_id: BlockId(
                                16,
                            ),
                            inststruction: 7,
                        },
                    ],
                },
                Ssaid(
                    22,
                ): AbstractAddressRange {
                    start_address: AbstractAddress {
                        block_id: BlockId(
                            16,
                        ),
                        inststruction: 6,
                    },
                    end_addresses: [
                        AbstractAddress {
                            block_id: BlockId(
                                16,
                            ),
                            inststruction: 6,
                        },
                    ],
                },
                Ssaid(
                    23,
                ): AbstractAddressRange {
                    start_address: AbstractAddress {
                        block_id: BlockId(
                            16,
                        ),
                        inststruction: 11,
                    },
                    end_addresses: [
                        AbstractAddress {
                            block_id: BlockId(
                                16,
                            ),
                            inststruction: 11,
                        },
                    ],
                },
                Ssaid(
                    24,
                ): AbstractAddressRange {
                    start_address: AbstractAddress {
                        block_id: BlockId(
                            16,
                        ),
                        inststruction: 12,
                    },
                    end_addresses: [
                        AbstractAddress {
                            block_id: BlockId(
                                16,
                            ),
                            inststruction: 12,
                        },
                    ],
                },
                Ssaid(
                    25,
                ): AbstractAddressRange {
                    start_address: AbstractAddress {
                        block_id: BlockId(
                            16,
                        ),
                        inststruction: 14,
                    },
                    end_addresses: [
                        AbstractAddress {
                            block_id: BlockId(
                                16,
                            ),
                            inststruction: 14,
                        },
                    ],
                },
                Ssaid(
                    26,
                ): AbstractAddressRange {
                    start_address: AbstractAddress {
                        block_id: BlockId(
                            16,
                        ),
                        inststruction: 13,
                    },
                    end_addresses: [
                        AbstractAddress {
                            block_id: BlockId(
                                16,
                            ),
                            inststruction: 17,
                        },
                    ],
                },
                Ssaid(
                    27,
                ): AbstractAddressRange {
                    start_address: AbstractAddress {
                        block_id: BlockId(
                            16,
                        ),
                        inststruction: 18,
                    },
                    end_addresses: [
                        AbstractAddress {
                            block_id: BlockId(
                                16,
                            ),
                            inststruction: 18,
                        },
                    ],
                },
                Ssaid(
                    30,
                ): AbstractAddressRange {
                    start_address: AbstractAddress {
                        block_id: BlockId(
                            29,
                        ),
                        inststruction: 5,
                    },
                    end_addresses: [
                        AbstractAddress {
                            block_id: BlockId(
                                29,
                            ),
                            inststruction: 5,
                        },
                    ],
                },
                Ssaid(
                    31,
                ): AbstractAddressRange {
                    start_address: AbstractAddress {
                        block_id: BlockId(
                            29,
                        ),
                        inststruction: 6,
                    },
                    end_addresses: [
                        AbstractAddress {
                            block_id: BlockId(
                                29,
                            ),
                            inststruction: 6,
                        },
                    ],
                },
                Ssaid(
                    32,
                ): AbstractAddressRange {
                    start_address: AbstractAddress {
                        block_id: BlockId(
                            29,
                        ),
                        inststruction: 12,
                    },
                    end_addresses: [
                        AbstractAddress {
                            block_id: BlockId(
                                29,
                            ),
                            inststruction: 12,
                        },
                    ],
                },
                Ssaid(
                    33,
                ): AbstractAddressRange {
                    start_address: AbstractAddress {
                        block_id: BlockId(
                            29,
                        ),
                        inststruction: 13,
                    },
                    end_addresses: [
                        AbstractAddress {
                            block_id: BlockId(
                                29,
                            ),
                            inststruction: 13,
                        },
                    ],
                },
            },
            variable_moved: {
                Ssaid(
                    17,
                ): {
                    BlockId(
                        16,
                    ),
                },
                Ssaid(
                    21,
                ): {
                    BlockId(
                        16,
                    ),
                },
                Ssaid(
                    23,
                ): {
                    BlockId(
                        16,
                    ),
                },
                Ssaid(
                    24,
                ): {
                    BlockId(
                        16,
                    ),
                },
                Ssaid(
                    25,
                ): {
                    BlockId(
                        16,
                    ),
                },
                Ssaid(
                    26,
                ): {
                    BlockId(
                        16,
                    ),
                },
                Ssaid(
                    27,
                ): {
                    BlockId(
                        16,
                    ),
                },
            },
        },
    },
)
