---
source: crates/compiler/src/analysis/free_dead_resources.rs
expression: "format!(\"{}\", ir_program)"
---
IR:
fn 33:
block_17
0: 18_val = fnarg
1: 19_len = fnarg
2: 20_anonymous := Int(1)
3: 21_17: std_out = 20_anonymous
4: move(20_anonymous)
5: 22_anonymous := Int(1)
6: 23_18: character_size = 22_anonymous
7: move(22_anonymous)
8: move(21_std_out)
9: 24_anonymous := "w"
10: move(24_anonymous)
11: receiver_Ssaid(25) = @4( 21_std_out, 24_anonymous,)
12: 26_stdoutptr = 25_fdopen_result
13: move(25_fdopen_result)
14: move(18_val)
15: move(19_len)
16: move(23_character_size)
17: move(26_stdoutptr)
18: receiver_Ssaid(27) = @6( 18_val, 19_len, 23_character_size, 26_stdoutptr,)
19: 28_res = 27_fwrite_result
20: drop(28_res)
21: move(27_fwrite_result)
22: move(21_std_out)
23: 29_anonymous := "w"
24: move(29_anonymous)
25: receiver_Ssaid(30) = @4( 21_std_out, 29_anonymous,)
26: 31_stdoutptrb = 30_fdopen_result
27: move(30_fdopen_result)
28: move(31_stdoutptrb)
29: receiver_Ssaid(32) = @8( 31_stdoutptrb,)
30: 33_resb = 32_fflush_result
31: drop(33_resb)
32: move(32_fflush_result)
33: return

fn 60:
block_34
0: 35_anonymous := "test"
1: 36_val = 35_anonymous
2: drop(36_val)
3: move(35_anonymous)
4: 37_anonymous := Int(0)
5: 38_i = 37_anonymous
6: move(37_anonymous)
7: 41_anonymous := "hello\n"
8: 42_anonymous := "world\n"
9: move(41_anonymous)
10: move(42_anonymous)
11: array_init_result_Ssaid(40) = InitArray[ 41_anonymous, 42_anonymous,]
12: 43_values = 40_@array_init_result
13: move(40_@array_init_result)
14: While block_BlockId(44)  { block_BlockId(47) }

block_44
0: 45_anonymous := Int(2)
1: 46_@bin_op_result = 38_i < 45_anonymous
2: move(38_i)
3: move(45_anonymous)

block_47
0: 48_anon = Project<36_val>
1: move(48_anon)
2: @63( 48_anon,)
3: move(38_i)
4: move(43_values)
5: array_lookup_result_Ssaid(49) = ArrayLookup( 43_values, 38_i, 49_@array_lookup_result,)
6: move(49_@array_lookup_result)
7: 50_anonymous := Int(6)
8: move(50_anonymous)
9: @33( 49_@array_lookup_result, 50_anonymous,)
10: 51_anonymous := Int(1)
11: 52_@bin_op_result = 38_i + 51_anonymous
12: move(38_i)
13: move(51_anonymous)
14: 38_i = 52_@bin_op_result
15: move(52_@bin_op_result)

block_53
0: drop(38_i)
1: return

fn 63:
block_54
0: 55_v = fnarg
1: 55_v = Project<55_v>
2: return
