---
source: crates/compiler/src/analysis/liveness_analysis.rs
expression: "format!(\"{:#?}\", analysis_result)"
---
Ok(
    {
        FunctionDeclarationID(
            17,
        ): VariableLiveness {
            variables: {
                Ssaid(
                    6,
                ): AbstractAddressRange {
                    start_address: AbstractAddress {
                        block_id: BlockId(
                            5,
                        ),
                        inststruction: 17,
                    },
                    end_addresses: [
                        AbstractAddress {
                            block_id: BlockId(
                                5,
                            ),
                            inststruction: 17,
                        },
                    ],
                },
                Ssaid(
                    7,
                ): AbstractAddressRange {
                    start_address: AbstractAddress {
                        block_id: BlockId(
                            5,
                        ),
                        inststruction: 18,
                    },
                    end_addresses: [
                        AbstractAddress {
                            block_id: BlockId(
                                5,
                            ),
                            inststruction: 18,
                        },
                    ],
                },
                Ssaid(
                    8,
                ): AbstractAddressRange {
                    start_address: AbstractAddress {
                        block_id: BlockId(
                            5,
                        ),
                        inststruction: 7,
                    },
                    end_addresses: [
                        AbstractAddress {
                            block_id: BlockId(
                                5,
                            ),
                            inststruction: 7,
                        },
                    ],
                },
                Ssaid(
                    9,
                ): AbstractAddressRange {
                    start_address: AbstractAddress {
                        block_id: BlockId(
                            5,
                        ),
                        inststruction: 8,
                    },
                    end_addresses: [
                        AbstractAddress {
                            block_id: BlockId(
                                5,
                            ),
                            inststruction: 8,
                        },
                    ],
                },
                Ssaid(
                    10,
                ): AbstractAddressRange {
                    start_address: AbstractAddress {
                        block_id: BlockId(
                            5,
                        ),
                        inststruction: 6,
                    },
                    end_addresses: [
                        AbstractAddress {
                            block_id: BlockId(
                                5,
                            ),
                            inststruction: 10,
                        },
                    ],
                },
                Ssaid(
                    11,
                ): AbstractAddressRange {
                    start_address: AbstractAddress {
                        block_id: BlockId(
                            5,
                        ),
                        inststruction: 9,
                    },
                    end_addresses: [
                        AbstractAddress {
                            block_id: BlockId(
                                5,
                            ),
                            inststruction: 20,
                        },
                    ],
                },
                Ssaid(
                    12,
                ): AbstractAddressRange {
                    start_address: AbstractAddress {
                        block_id: BlockId(
                            5,
                        ),
                        inststruction: 19,
                    },
                    end_addresses: [
                        AbstractAddress {
                            block_id: BlockId(
                                5,
                            ),
                            inststruction: 19,
                        },
                    ],
                },
                Ssaid(
                    13,
                ): AbstractAddressRange {
                    start_address: AbstractAddress {
                        block_id: BlockId(
                            5,
                        ),
                        inststruction: 16,
                    },
                    end_addresses: [
                        AbstractAddress {
                            block_id: BlockId(
                                5,
                            ),
                            inststruction: 16,
                        },
                    ],
                },
            },
            variable_moved: {
                Ssaid(
                    10,
                ): {
                    BlockId(
                        5,
                    ),
                },
            },
        },
        FunctionDeclarationID(
            35,
        ): VariableLiveness {
            variables: {
                Ssaid(
                    15,
                ): AbstractAddressRange {
                    start_address: AbstractAddress {
                        block_id: BlockId(
                            14,
                        ),
                        inststruction: 2,
                    },
                    end_addresses: [
                        AbstractAddress {
                            block_id: BlockId(
                                14,
                            ),
                            inststruction: 2,
                        },
                    ],
                },
                Ssaid(
                    16,
                ): AbstractAddressRange {
                    start_address: AbstractAddress {
                        block_id: BlockId(
                            14,
                        ),
                        inststruction: 1,
                    },
                    end_addresses: [
                        AbstractAddress {
                            block_id: BlockId(
                                21,
                            ),
                            inststruction: 2,
                        },
                    ],
                },
                Ssaid(
                    17,
                ): AbstractAddressRange {
                    start_address: AbstractAddress {
                        block_id: BlockId(
                            14,
                        ),
                        inststruction: 6,
                    },
                    end_addresses: [
                        AbstractAddress {
                            block_id: BlockId(
                                14,
                            ),
                            inststruction: 6,
                        },
                    ],
                },
                Ssaid(
                    18,
                ): AbstractAddressRange {
                    start_address: AbstractAddress {
                        block_id: BlockId(
                            14,
                        ),
                        inststruction: 7,
                    },
                    end_addresses: [
                        AbstractAddress {
                            block_id: BlockId(
                                14,
                            ),
                            inststruction: 7,
                        },
                    ],
                },
                Ssaid(
                    23,
                ): AbstractAddressRange {
                    start_address: AbstractAddress {
                        block_id: BlockId(
                            22,
                        ),
                        inststruction: 5,
                    },
                    end_addresses: [
                        AbstractAddress {
                            block_id: BlockId(
                                22,
                            ),
                            inststruction: 5,
                        },
                    ],
                },
            },
            variable_moved: {
                Ssaid(
                    15,
                ): {
                    BlockId(
                        14,
                    ),
                },
                Ssaid(
                    17,
                ): {
                    BlockId(
                        14,
                    ),
                },
                Ssaid(
                    18,
                ): {
                    BlockId(
                        14,
                    ),
                },
            },
        },
        FunctionDeclarationID(
            38,
        ): VariableLiveness {
            variables: {},
            variable_moved: {},
        },
        FunctionDeclarationID(
            41,
        ): VariableLiveness {
            variables: {},
            variable_moved: {},
        },
    },
)
