---
source: crates/compiler/src/analysis/free_dead_resources.rs
expression: "format!(\"{}\", ir_program)"
---
IR:
fn 33:
block_15
0: 16_val = fnarg
1: 17_len = fnarg
2: 18_anonymous := Int(1)
3: 19_15: std_out = 18_anonymous
4: move(18_anonymous)
5: 20_anonymous := Int(1)
6: 21_16: character_size = 20_anonymous
7: move(20_anonymous)
8: move(19_std_out)
9: 22_anonymous := "w"
10: move(22_anonymous)
11: receiver_Ssaid(23) = @4( 19_std_out, 22_anonymous,)
12: 24_stdoutptr = 23_fdopen_result
13: move(23_fdopen_result)
14: move(16_val)
15: move(17_len)
16: move(21_character_size)
17: move(24_stdoutptr)
18: receiver_Ssaid(25) = @6( 16_val, 17_len, 21_character_size, 24_stdoutptr,)
19: 26_res = 25_fwrite_result
20: drop(26_res)
21: move(25_fwrite_result)
22: move(19_std_out)
23: 27_anonymous := "w"
24: move(27_anonymous)
25: receiver_Ssaid(28) = @4( 19_std_out, 27_anonymous,)
26: 29_stdoutptrb = 28_fdopen_result
27: move(28_fdopen_result)
28: move(29_stdoutptrb)
29: receiver_Ssaid(30) = @8( 29_stdoutptrb,)
30: 31_resb = 30_fflush_result
31: drop(31_resb)
32: move(30_fflush_result)
33: return

fn 52:
block_32
0: 33_anonymous := "test"
1: 34_value = 33_anonymous
2: move(33_anonymous)
3: 35_anonymous := Int(0)
4: 36_i = 35_anonymous
5: move(35_anonymous)
6: While block_BlockId(37)  { block_BlockId(40) }

block_37
0: 38_anonymous := Int(2)
1: 39_@less_than_result = 36_i < 38_anonymous
2: move(36_i)
3: move(38_anonymous)

block_40
0: move(34_value)
1: @55( 34_value,)
2: 41_anonymous := Int(1)
3: 42_@addition_result = 36_i + 41_anonymous
4: move(36_i)
5: move(41_anonymous)
6: 36_i = 42_@addition_result
7: move(42_@addition_result)

block_43
0: drop(36_i)
1: return

fn 55:
block_44
0: 45_v = fnarg
1: return
