---
source: crates/compiler/src/analysis/free_dead_resources.rs
expression: "format!(\"{}\", ir_program)"
---
IR:
fn 17:
block_6
0: 7_val = fnarg
1: 8_len = fnarg
2: 9_anonymous := Int(1)
3: borrow(9_anonymous)
4: 10_anonymous := "w"
5: borrow(10_anonymous)
6: receiver_Ssaid(11) = @0( let 9_anonymous, let 10_anonymous,)
7: borrow_end(9_anonymous)
8: borrow_end(10_anonymous)
9: 12_stdoutptr = 11_fdopen_result
10: drop(9_anonymous)
11: move(11_fdopen_result)
12: drop(10_anonymous)
13: borrow(7_val)
14: borrow(8_len)
15: 13_anonymous := Int(1)
16: borrow(13_anonymous)
17: borrow(12_stdoutptr)
18: receiver_Ssaid(14) = @2( let 7_val, let 8_len, let 13_anonymous, let 12_stdoutptr,)
19: borrow_end(7_val)
20: drop(7_val)
21: borrow_end(8_len)
22: drop(8_len)
23: drop(14_fwrite_result)
24: borrow_end(13_anonymous)
25: borrow_end(12_stdoutptr)
26: drop(13_anonymous)
27: drop(12_stdoutptr)
28: return

fn 28:
block_15
0: 16_anonymous := "hello world!"
1: 17_message = 16_anonymous
2: move(16_anonymous)
3: move(17_message)
4: 18_anonymous := Int(12)
5: borrow(18_anonymous)
6: @31( owned 17_message, let 18_anonymous,)
7: borrow_end(18_anonymous)
8: drop(18_anonymous)
9: move(17_message)
10: 19_anonymous := Int(12)
11: borrow(19_anonymous)
12: @31( owned 17_message, let 19_anonymous,)
13: borrow_end(19_anonymous)
14: drop(19_anonymous)
15: return

fn 31:
block_20
0: 21_message = fnarg
1: 22_len = fnarg
2: return
