---
source: crates/compiler/src/analysis/free_dead_resources.rs
expression: "format!(\"{}\", ir_program)"
---
IR:
fn 17:
block_7
0: 8_val = fnarg
1: 9_len = fnarg
2: 10_anonymous := Int(1)
3: borrow(10_anonymous)
4: 11_anonymous := "w"
5: borrow(11_anonymous)
6: receiver_Ssaid(12) = @0( 10_anonymous, 11_anonymous,)
7: borrow_end(10_anonymous)
8: borrow_end(11_anonymous)
9: 13_stdoutptr = 12_fdopen_result
10: drop(10_anonymous)
11: move(12_fdopen_result)
12: drop(11_anonymous)
13: borrow(8_val)
14: borrow(9_len)
15: 14_anonymous := Int(1)
16: borrow(14_anonymous)
17: borrow(13_stdoutptr)
18: receiver_Ssaid(15) = @2( 8_val, 9_len, 14_anonymous, 13_stdoutptr,)
19: borrow_end(8_val)
20: drop(8_val)
21: borrow_end(9_len)
22: drop(9_len)
23: drop(15_fwrite_result)
24: borrow_end(14_anonymous)
25: borrow_end(13_stdoutptr)
26: drop(14_anonymous)
27: drop(13_stdoutptr)
28: return

fn 42:
block_16
0: 17_anonymous := "232"
1: 18_bar = 17_anonymous
2: drop(18_bar)
3: move(17_anonymous)
4: 19_anonymous := Int(60)
5: 20_anonymous := Int(40)
6: struct_init_result_Ssaid(21) = StructInit<11>[ 19_anonymous, 20_anonymous,]
7: 22_aFoo = 21_struct_init_result
8: drop(22_aFoo)
9: move(21_struct_init_result)
10: struct_field_read_resul_Ssaid(23) = Ssaid(22)_FieldRead.2
11: struct_field_read_resul_Ssaid(24) = Ssaid(22)_FieldRead.3
12: 25_@addition_result = 23_struct_field_result + 24_struct_field_result
13: move(23_struct_field_result)
14: move(24_struct_field_result)
15: 26_sum = 25_@addition_result
16: move(25_@addition_result)
17: 27_anonymous := Int(59)
18: 28_@greater_than_result = 26_sum > 27_anonymous
19: move(26_sum)
20: move(27_anonymous)
21: if 28_@greater_than_result then 29_block

block_29
0: 30_anonymous := "struct fields sum is 6"
1: borrow(30_anonymous)
2: 31_anonymous := Int(22)
3: borrow(31_anonymous)
4: @17( 30_anonymous, 31_anonymous,)
5: borrow_end(30_anonymous)
6: drop(30_anonymous)
7: borrow_end(31_anonymous)
8: drop(31_anonymous)
9: 32_anonymous := "\n"
10: borrow(32_anonymous)
11: 33_anonymous := Int(2)
12: borrow(33_anonymous)
13: @17( 32_anonymous, 33_anonymous,)
14: borrow_end(32_anonymous)
15: drop(32_anonymous)
16: borrow_end(33_anonymous)
17: drop(33_anonymous)

block_34
0: return
