---
source: crates/compiler/src/ast/parser.rs
expression: "format!(\"{}\", ast.0.to_string(&ast.1))"
---
root, [
    [
        "module_12",
    ],
], [
    [
        "main",
        "borrow",
    ],
], [
    [
        "block_10",
    ],
    [
        "block_7",
    ],
], [
    [
        "return",
    ],
    [
        "message = \"hello world!\" ",
        "call borrow([\"Variable(message)\"])",
        "call borrow([\"Variable(message)\"])",
        "return",
    ],
]
